// Jest Snapshot v1, https://goo.gl/fbAQLP

exports[`ConnectionReplication should render 1`] = `<ConnectionReplication />`;
